[33mÔØ»[39m Building...
[32mÔ£ö[39m Building...
Application bundle generation failed. [8.442 seconds]

node.exe : [1m[33m[33mÔû▓ [43;33m[[43;30mWARNING[43;33m][0m [1mNG8107: 
The left side of this optional chain operation does not include 'null' or 
'undefined' in its type, therefore the '?.' operator can be replaced with the 
'.' operator.[0m [1m[35m[plugin angular-compiler][0m
Au caractère C:\Users\MedRa\AppData\Roaming\npm\ng.ps1:24 : 5
+     & "node$exe"  "$basedir/node_modules/@angular/cli/bin/ng.js" $arg ...
+     ~~~~~~~~~~~~~~~~~~~~~~~~~~~~~~~~~~~~~~~~~~~~~~~~~~~~~~~~~~~~~~~~~
    + CategoryInfo          : NotSpecified: ([1m[33m[33mÔ...r-compiler][0m 
   :String) [], RemoteException
    + FullyQualifiedErrorId : NativeCommandError
 

    src/app/features/front-office/dashboard/interview/session/interview-session
.component.html:38:84:
[37m      38 Ôöé ...hnical]="currentQuestion()?.[32mcategory[37m === 
'technical'" [class.ch...
         ÔòÁ                                [32m~~~~~~~~[0m

  Error occurs in the template of component InterviewSessionComponent.

    src/app/features/front-office/dashboard/interview/session/interview-session
.component.ts:26:15:
[37m      26 Ôöé   templateUrl: 
[32m'./interview-session.component.html'[37m,
         ÔòÁ                [32m~~~~~~~~~~~~~~~~~~~~~~~~~~~~~~~~~~~~[0m


[33mÔû▓ [43;33m[[43;30mWARNING[43;33m][0m [1mNG8107: The left side of 
this optional chain operation does not include 'null' or 'undefined' in its 
type, therefore the '?.' operator can be replaced with the '.' operator.[0m 
[1m[35m[plugin angular-compiler][0m

    src/app/features/front-office/dashboard/interview/session/interview-session
.component.html:38:155:
[37m      38 Ôöé ....chip--behavioral]="currentQuestion()?.[32mcategory[37m 
=== 'behavioral'">
         ÔòÁ                                           [32m~~~~~~~~[0m

  Error occurs in the template of component InterviewSessionComponent.

    src/app/features/front-office/dashboard/interview/session/interview-session
.component.ts:26:15:
[37m      26 Ôöé   templateUrl: 
[32m'./interview-session.component.html'[37m,
         ÔòÁ                [32m~~~~~~~~~~~~~~~~~~~~~~~~~~~~~~~~~~~~[0m


[33mÔû▓ [43;33m[[43;30mWARNING[43;33m][0m [1mNG8107: The left side of 
this optional chain operation does not include 'null' or 'undefined' in its 
type, therefore the '?.' operator can be replaced with the '.' operator.[0m 
[1m[35m[plugin angular-compiler][0m

    src/app/features/front-office/dashboard/interview/session/interview-session
.component.html:39:30:
[37m      39 Ôöé         {{ currentQuestion()?.[32mcategory[37m === 
'technical' ? 'Technica...
         ÔòÁ                               [32m~~~~~~~~[0m

  Error occurs in the template of component InterviewSessionComponent.

    src/app/features/front-office/dashboard/interview/session/interview-session
.component.ts:26:15:
[37m      26 Ôöé   templateUrl: 
[32m'./interview-session.component.html'[37m,
         ÔòÁ                [32m~~~~~~~~~~~~~~~~~~~~~~~~~~~~~~~~~~~~[0m


[33mÔû▓ [43;33m[[43;30mWARNING[43;33m][0m [1mNG8107: The left side of 
this optional chain operation does not include 'null' or 'undefined' in its 
type, therefore the '?.' operator can be replaced with the '.' operator.[0m 
[1m[35m[plugin angular-compiler][0m

    src/app/features/front-office/dashboard/interview/session/interview-session
.component.html:41:92:
[37m      41 Ôöé ...' + (currentQuestion()?.[32mdifficultyColor[37m === 
'#ef4444' ? '239,68...
         ÔòÁ                            [32m~~~~~~~~~~~~~~~[0m

  Error occurs in the template of component InterviewSessionComponent.

    src/app/features/front-office/dashboard/interview/session/interview-session
.component.ts:26:15:
[37m      26 Ôöé   templateUrl: 
[32m'./interview-session.component.html'[37m,
         ÔòÁ                [32m~~~~~~~~~~~~~~~~~~~~~~~~~~~~~~~~~~~~[0m


[33mÔû▓ [43;33m[[43;30mWARNING[43;33m][0m [1mNG8107: The left side of 
this optional chain operation does not include 'null' or 'undefined' in its 
type, therefore the '?.' operator can be replaced with the '.' operator.[0m 
[1m[35m[plugin angular-compiler][0m

    src/app/features/front-office/dashboard/interview/session/interview-session
.component.html:41:157:
[37m      41 Ôöé ...8' : currentQuestion()?.[32mdifficultyColor[37m === 
'#f59e0b' ? '245,15...
         ÔòÁ                            [32m~~~~~~~~~~~~~~~[0m

  Error occurs in the template of component InterviewSessionComponent.

    src/app/features/front-office/dashboard/interview/session/interview-session
.component.ts:26:15:
[37m      26 Ôöé   templateUrl: 
[32m'./interview-session.component.html'[37m,
         ÔòÁ                [32m~~~~~~~~~~~~~~~~~~~~~~~~~~~~~~~~~~~~[0m


[33mÔû▓ [43;33m[[43;30mWARNING[43;33m][0m [1mNG8107: The left side of 
this optional chain operation does not include 'null' or 'undefined' in its 
type, therefore the '?.' operator can be replaced with the '.' operator.[0m 
[1m[35m[plugin angular-compiler][0m

    src/app/features/front-office/dashboard/interview/session/interview-session
.component.html:41:263:
[37m      41 Ôöé ...9') + ',.12)'" 
[style.color]="currentQuestion()?.[32mdifficultyColor[37m">
         ÔòÁ                                                     
[32m~~~~~~~~~~~~~~~[0m

  Error occurs in the template of component InterviewSessionComponent.

    src/app/features/front-office/dashboard/interview/session/interview-session
.component.ts:26:15:
[37m      26 Ôöé   templateUrl: 
[32m'./interview-session.component.html'[37m,
         ÔòÁ                [32m~~~~~~~~~~~~~~~~~~~~~~~~~~~~~~~~~~~~[0m


[33mÔû▓ [43;33m[[43;30mWARNING[43;33m][0m [1mNG8107: The left side of 
this optional chain operation does not include 'null' or 'undefined' in its 
type, therefore the '?.' operator can be replaced with the '.' operator.[0m 
[1m[35m[plugin angular-compiler][0m

    src/app/features/front-office/dashboard/interview/session/interview-session
.component.html:42:30:
[37m      42 Ôöé         {{ currentQuestion()?.[32mdifficulty[37m }}
         ÔòÁ                               [32m~~~~~~~~~~[0m

  Error occurs in the template of component InterviewSessionComponent.

    src/app/features/front-office/dashboard/interview/session/interview-session
.component.ts:26:15:
[37m      26 Ôöé   templateUrl: 
[32m'./interview-session.component.html'[37m,
         ÔòÁ                [32m~~~~~~~~~~~~~~~~~~~~~~~~~~~~~~~~~~~~[0m

[39m[22m
[1m[31m[31mX [41;31m[[41;97mERROR[41;31m][0m [1mNG5002: Unexpected 
closing tag "text". It may happen when the tag has already been closed by 
another tag. For more info see https://www.w3.org/TR/html5/syntax.html#closing-
elements-that-have-implied-end-tags[0m [1m[35m[plugin angular-compiler][0m

    src/app/features/front-office/assessments/pages/assessment-host/assessment-
host.component.html:97:94:
[37m      97 Ôöé ...ize="10.5" font-family="Inter, sans-serif">{{ skill.name 
}}[32m</text>[37m
         ÔòÁ                                                               
[32m~~~~~~~[0m

  Error occurs in the template of component AssessmentHostComponent.

    src/app/features/front-office/assessments/pages/assessment-host/assessment-
host.component.ts:22:15:
[37m      22 Ôöé   templateUrl: [32m'./assessment-host.component.html'[37m,
         ÔòÁ                [32m~~~~~~~~~~~~~~~~~~~~~~~~~~~~~~~~~~[0m


[31mX [41;31m[[41;97mERROR[41;31m][0m [1mNG5002: Unexpected closing 
block. The block may have been closed earlier. If you meant to write the } 
character, you should use the "&#125;" HTML entity instead.[0m 
[1m[35m[plugin angular-compiler][0m

    src/app/features/front-office/assessments/pages/assessment-host/assessment-
host.component.html:98:10:
[37m      98 Ôöé           [32m}[37m
         ÔòÁ           [32m^[0m

  Error occurs in the template of component AssessmentHostComponent.

    src/app/features/front-office/assessments/pages/assessment-host/assessment-
host.component.ts:22:15:
[37m      22 Ôöé   templateUrl: [32m'./assessment-host.component.html'[37m,
         ÔòÁ                [32m~~~~~~~~~~~~~~~~~~~~~~~~~~~~~~~~~~[0m


[31mX [41;31m[[41;97mERROR[41;31m][0m [1mNG5002: Unexpected closing tag 
":svg:svg". It may happen when the tag has already been closed by another tag. 
For more info see https://www.w3.org/TR/html5/syntax.html#closing-elements-that
-have-implied-end-tags[0m [1m[35m[plugin angular-compiler][0m

    src/app/features/front-office/assessments/pages/assessment-host/assessment-
host.component.html:99:8:
[37m      99 Ôöé         [32m</svg>[37m
         ÔòÁ         [32m~~~~~~[0m

  Error occurs in the template of component AssessmentHostComponent.

    src/app/features/front-office/assessments/pages/assessment-host/assessment-
host.component.ts:22:15:
[37m      22 Ôöé   templateUrl: [32m'./assessment-host.component.html'[37m,
         ÔòÁ                [32m~~~~~~~~~~~~~~~~~~~~~~~~~~~~~~~~~~[0m


[31mX [41;31m[[41;97mERROR[41;31m][0m [1mNG5002: Unexpected closing tag 
"div". It may happen when the tag has already been closed by another tag. For 
more info see https://www.w3.org/TR/html5/syntax.html#closing-elements-that-hav
e-implied-end-tags[0m [1m[35m[plugin angular-compiler][0m

    src/app/features/front-office/assessments/pages/assessment-host/assessment-
host.component.html:100:6:
[37m      100 Ôöé       [32m</div>[37m
          ÔòÁ       [32m~~~~~~[0m

  Error occurs in the template of component AssessmentHostComponent.

    src/app/features/front-office/assessments/pages/assessment-host/assessment-
host.component.ts:22:15:
[37m      22 Ôöé   templateUrl: [32m'./assessment-host.component.html'[37m,
         ÔòÁ                [32m~~~~~~~~~~~~~~~~~~~~~~~~~~~~~~~~~~[0m


[31mX [41;31m[[41;97mERROR[41;31m][0m [1mNG5002: Unexpected closing tag 
"div". It may happen when the tag has already been closed by another tag. For 
more info see https://www.w3.org/TR/html5/syntax.html#closing-elements-that-hav
e-implied-end-tags[0m [1m[35m[plugin angular-compiler][0m

    src/app/features/front-office/assessments/pages/assessment-host/assessment-
host.component.html:101:4:
[37m      101 Ôöé     [32m</div>[37m
          ÔòÁ     [32m~~~~~~[0m

  Error occurs in the template of component AssessmentHostComponent.

    src/app/features/front-office/assessments/pages/assessment-host/assessment-
host.component.ts:22:15:
[37m      22 Ôöé   templateUrl: [32m'./assessment-host.component.html'[37m,
         ÔòÁ                [32m~~~~~~~~~~~~~~~~~~~~~~~~~~~~~~~~~~[0m


[31mX [41;31m[[41;97mERROR[41;31m][0m [1mNG5002: Unexpected closing tag 
"section". It may happen when the tag has already been closed by another tag. 
For more info see https://www.w3.org/TR/html5/syntax.html#closing-elements-that
-have-implied-end-tags[0m [1m[35m[plugin angular-compiler][0m

    src/app/features/front-office/assessments/pages/assessment-host/assessment-
host.component.html:126:2:
[37m      126 Ôöé   [32m</section>[37m
          ÔòÁ   [32m~~~~~~~~~~[0m

  Error occurs in the template of component AssessmentHostComponent.

    src/app/features/front-office/assessments/pages/assessment-host/assessment-
host.component.ts:22:15:
[37m      22 Ôöé   templateUrl: [32m'./assessment-host.component.html'[37m,
         ÔòÁ                [32m~~~~~~~~~~~~~~~~~~~~~~~~~~~~~~~~~~[0m


[31mX [41;31m[[41;97mERROR[41;31m][0m [1mNG5002: Unexpected closing tag 
"div". It may happen when the tag has already been closed by another tag. For 
more info see https://www.w3.org/TR/html5/syntax.html#closing-elements-that-hav
e-implied-end-tags[0m [1m[35m[plugin angular-compiler][0m

    src/app/features/front-office/assessments/pages/assessment-host/assessment-
host.component.html:172:0:
[37m      172 Ôöé [32m</div>[37m
          ÔòÁ [32m~~~~~~[0m

  Error occurs in the template of component AssessmentHostComponent.

    src/app/features/front-office/assessments/pages/assessment-host/assessment-
host.component.ts:22:15:
[37m      22 Ôöé   templateUrl: [32m'./assessment-host.component.html'[37m,
         ÔòÁ                [32m~~~~~~~~~~~~~~~~~~~~~~~~~~~~~~~~~~[0m


[31mX [41;31m[[41;97mERROR[41;31m][0m [1mNG5002: Unexpected closing 
block. The block may have been closed earlier. If you meant to write the } 
character, you should use the "&#125;" HTML entity instead.[0m 
[1m[35m[plugin angular-compiler][0m

    src/app/features/front-office/assessments/pages/assessment-host/assessment-
host.component.html:173:0:
[37m      173 Ôöé [32m}[37m
          ÔòÁ [32m^[0m

  Error occurs in the template of component AssessmentHostComponent.

    src/app/features/front-office/assessments/pages/assessment-host/assessment-
host.component.ts:22:15:
[37m      22 Ôöé   templateUrl: [32m'./assessment-host.component.html'[37m,
         ÔòÁ                [32m~~~~~~~~~~~~~~~~~~~~~~~~~~~~~~~~~~[0m


[31mX [41;31m[[41;97mERROR[41;31m][0m [1mNG5002: Unexpected closing tag 
"div". It may happen when the tag has already been closed by another tag. For 
more info see https://www.w3.org/TR/html5/syntax.html#closing-elements-that-hav
e-implied-end-tags[0m [1m[35m[plugin angular-compiler][0m

    src/app/features/front-office/assessments/pages/assessment-results/assessme
nt-results.component.html:141:6:
[37m      141 Ôöé       [32m</div>[37m
          ÔòÁ       [32m~~~~~~[0m

  Error occurs in the template of component AssessmentResultsComponent.

    src/app/features/front-office/assessments/pages/assessment-results/assessme
nt-results.component.ts:19:15:
[37m      19 Ôöé   templateUrl: 
[32m'./assessment-results.component.html'[37m,
         ÔòÁ                [32m~~~~~~~~~~~~~~~~~~~~~~~~~~~~~~~~~~~~~[0m


[31mX [41;31m[[41;97mERROR[41;31m][0m [1mNG5002: Unexpected closing 
block. The block may have been closed earlier. If you meant to write the } 
character, you should use the "&#125;" HTML entity instead.[0m 
[1m[35m[plugin angular-compiler][0m

    src/app/features/front-office/assessments/pages/assessment-results/assessme
nt-results.component.html:142:4:
[37m      142 Ôöé     [32m}[37m
          ÔòÁ     [32m^[0m

  Error occurs in the template of component AssessmentResultsComponent.

    src/app/features/front-office/assessments/pages/assessment-results/assessme
nt-results.component.ts:19:15:
[37m      19 Ôöé   templateUrl: 
[32m'./assessment-results.component.html'[37m,
         ÔòÁ                [32m~~~~~~~~~~~~~~~~~~~~~~~~~~~~~~~~~~~~~[0m


[31mX [41;31m[[41;97mERROR[41;31m][0m [1mNG5002: Unexpected closing tag 
"div". It may happen when the tag has already been closed by another tag. For 
more info see https://www.w3.org/TR/html5/syntax.html#closing-elements-that-hav
e-implied-end-tags[0m [1m[35m[plugin angular-compiler][0m

    src/app/features/front-office/assessments/pages/assessment-results/assessme
nt-results.component.html:143:2:
[37m      143 Ôöé   [32m</div>[37m
          ÔòÁ   [32m~~~~~~[0m

  Error occurs in the template of component AssessmentResultsComponent.

    src/app/features/front-office/assessments/pages/assessment-results/assessme
nt-results.component.ts:19:15:
[37m      19 Ôöé   templateUrl: 
[32m'./assessment-results.component.html'[37m,
         ÔòÁ                [32m~~~~~~~~~~~~~~~~~~~~~~~~~~~~~~~~~~~~~[0m


[31mX [41;31m[[41;97mERROR[41;31m][0m [1mNG5002: Unexpected closing tag 
"section". It may happen when the tag has already been closed by another tag. 
For more info see https://www.w3.org/TR/html5/syntax.html#closing-elements-that
-have-implied-end-tags[0m [1m[35m[plugin angular-compiler][0m

    src/app/features/front-office/assessments/pages/assessment-results/assessme
nt-results.component.html:144:0:
[37m      144 Ôöé [32m</section>[37m
          ÔòÁ [32m~~~~~~~~~~[0m

  Error occurs in the template of component AssessmentResultsComponent.

    src/app/features/front-office/assessments/pages/assessment-results/assessme
nt-results.component.ts:19:15:
[37m      19 Ôöé   templateUrl: 
[32m'./assessment-results.component.html'[37m,
         ÔòÁ                [32m~~~~~~~~~~~~~~~~~~~~~~~~~~~~~~~~~~~~~[0m

[39m[22m
